Component: ARM Compiler 5.06 update 1 (build 61) Tool: armlink [4d35a8]

==============================================================================

Section Cross References

    startup_s6e2cc.o(STACK) refers (Special) to heapauxi.o(.text) for __use_two_region_memory
    startup_s6e2cc.o(HEAP) refers (Special) to heapauxi.o(.text) for __use_two_region_memory
    startup_s6e2cc.o(RESET) refers (Special) to heapauxi.o(.text) for __use_two_region_memory
    startup_s6e2cc.o(RESET) refers to startup_s6e2cc.o(STACK) for __initial_sp
    startup_s6e2cc.o(RESET) refers to startup_s6e2cc.o(.text) for Reset_Handler
    startup_s6e2cc.o(.text) refers (Special) to heapauxi.o(.text) for __use_two_region_memory
    startup_s6e2cc.o(.text) refers to system_s6e2cc.o(i.SystemInit) for SystemInit
    startup_s6e2cc.o(.text) refers to __main.o(!!!main) for __main
    startup_s6e2cc.o(.text) refers to startup_s6e2cc.o(HEAP) for Heap_Mem
    startup_s6e2cc.o(.text) refers to startup_s6e2cc.o(STACK) for Stack_Mem
    system_s6e2cc.o(i.SystemCoreClockUpdate) refers to system_s6e2cc.o(.data) for SystemCoreClock
    system_s6e2cc.o(i.SystemInit) refers to system_s6e2cc.o(.data) for u8IoRegisterRead
    __main.o(!!!main) refers to __rtentry.o(.ARM.Collect$$rtentry$$00000000) for __rt_entry
    __rtentry.o(.ARM.Collect$$rtentry$$00000000) refers (Special) to __rtentry2.o(.ARM.Collect$$rtentry$$0000000A) for __rt_entry_li
    __rtentry.o(.ARM.Collect$$rtentry$$00000000) refers (Special) to __rtentry2.o(.ARM.Collect$$rtentry$$0000000D) for __rt_entry_main
    __rtentry.o(.ARM.Collect$$rtentry$$00000000) refers (Special) to __rtentry2.o(.ARM.Collect$$rtentry$$0000000C) for __rt_entry_postli_1
    __rtentry.o(.ARM.Collect$$rtentry$$00000000) refers (Special) to __rtentry2.o(.ARM.Collect$$rtentry$$00000009) for __rt_entry_postsh_1
    __rtentry.o(.ARM.Collect$$rtentry$$00000000) refers (Special) to __rtentry2.o(.ARM.Collect$$rtentry$$00000002) for __rt_entry_presh_1
    __rtentry.o(.ARM.Collect$$rtentry$$00000000) refers (Special) to __rtentry4.o(.ARM.Collect$$rtentry$$00000004) for __rt_entry_sh
    __rtentry2.o(.ARM.Collect$$rtentry$$00000008) refers to boardinit2.o(.text) for _platform_post_stackheap_init
    __rtentry2.o(.ARM.Collect$$rtentry$$0000000A) refers to libinit.o(.ARM.Collect$$libinit$$00000000) for __rt_lib_init
    __rtentry2.o(.ARM.Collect$$rtentry$$0000000B) refers to boardinit3.o(.text) for _platform_post_lib_init
    __rtentry2.o(.ARM.Collect$$rtentry$$0000000D) refers to chapter3_asm.o(.text) for main
    __rtentry2.o(.ARM.Collect$$rtentry$$0000000D) refers to exit.o(.text) for exit
    __rtentry2.o(.ARM.exidx) refers to __rtentry2.o(.ARM.Collect$$rtentry$$00000001) for .ARM.Collect$$rtentry$$00000001
    __rtentry2.o(.ARM.exidx) refers to __rtentry2.o(.ARM.Collect$$rtentry$$00000008) for .ARM.Collect$$rtentry$$00000008
    __rtentry2.o(.ARM.exidx) refers to __rtentry2.o(.ARM.Collect$$rtentry$$0000000A) for .ARM.Collect$$rtentry$$0000000A
    __rtentry2.o(.ARM.exidx) refers to __rtentry2.o(.ARM.Collect$$rtentry$$0000000B) for .ARM.Collect$$rtentry$$0000000B
    __rtentry2.o(.ARM.exidx) refers to __rtentry2.o(.ARM.Collect$$rtentry$$0000000D) for .ARM.Collect$$rtentry$$0000000D
    __rtentry4.o(.ARM.Collect$$rtentry$$00000004) refers to sys_stackheap_outer.o(.text) for __user_setup_stackheap
    __rtentry4.o(.ARM.exidx) refers to __rtentry4.o(.ARM.Collect$$rtentry$$00000004) for .ARM.Collect$$rtentry$$00000004
    sys_stackheap_outer.o(.text) refers to libspace.o(.text) for __user_perproc_libspace
    sys_stackheap_outer.o(.text) refers to startup_s6e2cc.o(.text) for __user_initial_stackheap
    exit.o(.text) refers to rtexit.o(.ARM.Collect$$rtexit$$00000000) for __rt_exit
    libinit.o(.ARM.Collect$$libinit$$00000000) refers (Special) to libinit2.o(.ARM.Collect$$libinit$$0000002E) for __rt_lib_init_alloca_1
    libinit.o(.ARM.Collect$$libinit$$00000000) refers (Special) to libinit2.o(.ARM.Collect$$libinit$$00000027) for __rt_lib_init_argv_1
    libinit.o(.ARM.Collect$$libinit$$00000000) refers (Special) to libinit2.o(.ARM.Collect$$libinit$$0000001B) for __rt_lib_init_atexit_1
    libinit.o(.ARM.Collect$$libinit$$00000000) refers (Special) to libinit2.o(.ARM.Collect$$libinit$$00000021) for __rt_lib_init_clock_1
    libinit.o(.ARM.Collect$$libinit$$00000000) refers (Special) to libinit2.o(.ARM.Collect$$libinit$$00000032) for __rt_lib_init_cpp_1
    libinit.o(.ARM.Collect$$libinit$$00000000) refers (Special) to libinit2.o(.ARM.Collect$$libinit$$00000030) for __rt_lib_init_exceptions_1
    libinit.o(.ARM.Collect$$libinit$$00000000) refers (Special) to libinit2.o(.ARM.Collect$$libinit$$00000001) for __rt_lib_init_fp_1
    libinit.o(.ARM.Collect$$libinit$$00000000) refers (Special) to libinit2.o(.ARM.Collect$$libinit$$0000001F) for __rt_lib_init_fp_trap_1
    libinit.o(.ARM.Collect$$libinit$$00000000) refers (Special) to libinit2.o(.ARM.Collect$$libinit$$00000023) for __rt_lib_init_getenv_1
    libinit.o(.ARM.Collect$$libinit$$00000000) refers (Special) to libinit2.o(.ARM.Collect$$libinit$$0000000A) for __rt_lib_init_heap_1
    libinit.o(.ARM.Collect$$libinit$$00000000) refers (Special) to libinit2.o(.ARM.Collect$$libinit$$00000011) for __rt_lib_init_lc_collate_1
    libinit.o(.ARM.Collect$$libinit$$00000000) refers (Special) to libinit2.o(.ARM.Collect$$libinit$$00000013) for __rt_lib_init_lc_ctype_1
    libinit.o(.ARM.Collect$$libinit$$00000000) refers (Special) to libinit2.o(.ARM.Collect$$libinit$$00000015) for __rt_lib_init_lc_monetary_1
    libinit.o(.ARM.Collect$$libinit$$00000000) refers (Special) to libinit2.o(.ARM.Collect$$libinit$$00000017) for __rt_lib_init_lc_numeric_1
    libinit.o(.ARM.Collect$$libinit$$00000000) refers (Special) to libinit2.o(.ARM.Collect$$libinit$$00000019) for __rt_lib_init_lc_time_1
    libinit.o(.ARM.Collect$$libinit$$00000000) refers (Special) to libinit2.o(.ARM.Collect$$libinit$$00000004) for __rt_lib_init_preinit_1
    libinit.o(.ARM.Collect$$libinit$$00000000) refers (Special) to libinit2.o(.ARM.Collect$$libinit$$0000000E) for __rt_lib_init_rand_1
    libinit.o(.ARM.Collect$$libinit$$00000000) refers (Special) to libinit2.o(.ARM.Collect$$libinit$$00000033) for __rt_lib_init_return
    libinit.o(.ARM.Collect$$libinit$$00000000) refers (Special) to libinit2.o(.ARM.Collect$$libinit$$0000001D) for __rt_lib_init_signal_1
    libinit.o(.ARM.Collect$$libinit$$00000000) refers (Special) to libinit2.o(.ARM.Collect$$libinit$$00000025) for __rt_lib_init_stdio_1
    libinit.o(.ARM.Collect$$libinit$$00000000) refers (Special) to libinit2.o(.ARM.Collect$$libinit$$0000000C) for __rt_lib_init_user_alloc_1
    libspace.o(.text) refers to libspace.o(.bss) for __libspace_start
    rtexit.o(.ARM.Collect$$rtexit$$00000000) refers (Special) to rtexit2.o(.ARM.Collect$$rtexit$$00000004) for __rt_exit_exit
    rtexit.o(.ARM.Collect$$rtexit$$00000000) refers (Special) to rtexit2.o(.ARM.Collect$$rtexit$$00000003) for __rt_exit_ls
    rtexit.o(.ARM.Collect$$rtexit$$00000000) refers (Special) to rtexit2.o(.ARM.Collect$$rtexit$$00000002) for __rt_exit_prels_1
    rtexit.o(.ARM.exidx) refers (Special) to rtexit2.o(.ARM.Collect$$rtexit$$00000004) for __rt_exit_exit
    rtexit.o(.ARM.exidx) refers (Special) to rtexit2.o(.ARM.Collect$$rtexit$$00000003) for __rt_exit_ls
    rtexit.o(.ARM.exidx) refers (Special) to rtexit2.o(.ARM.Collect$$rtexit$$00000002) for __rt_exit_prels_1
    rtexit.o(.ARM.exidx) refers to rtexit.o(.ARM.Collect$$rtexit$$00000000) for .ARM.Collect$$rtexit$$00000000
    libinit2.o(.ARM.Collect$$libinit$$00000001) refers to fpinit.o(x$fpl$fpinit) for _fp_init
    libinit2.o(.ARM.Collect$$libinit$$00000010) refers to libinit2.o(.ARM.Collect$$libinit$$0000000F) for .ARM.Collect$$libinit$$0000000F
    libinit2.o(.ARM.Collect$$libinit$$00000012) refers to libinit2.o(.ARM.Collect$$libinit$$0000000F) for .ARM.Collect$$libinit$$0000000F
    libinit2.o(.ARM.Collect$$libinit$$00000014) refers to libinit2.o(.ARM.Collect$$libinit$$0000000F) for .ARM.Collect$$libinit$$0000000F
    libinit2.o(.ARM.Collect$$libinit$$00000016) refers to libinit2.o(.ARM.Collect$$libinit$$0000000F) for .ARM.Collect$$libinit$$0000000F
    libinit2.o(.ARM.Collect$$libinit$$00000018) refers to libinit2.o(.ARM.Collect$$libinit$$0000000F) for .ARM.Collect$$libinit$$0000000F
    libinit2.o(.ARM.Collect$$libinit$$00000026) refers to argv_veneer.o(.emb_text) for __ARM_argv_veneer
    libinit2.o(.ARM.Collect$$libinit$$00000027) refers to argv_veneer.o(.emb_text) for __ARM_argv_veneer
    rtexit2.o(.ARM.Collect$$rtexit$$00000003) refers to libshutdown.o(.ARM.Collect$$libshutdown$$00000000) for __rt_lib_shutdown
    rtexit2.o(.ARM.Collect$$rtexit$$00000004) refers to sys_exit.o(.text) for _sys_exit
    rtexit2.o(.ARM.exidx) refers to rtexit2.o(.ARM.Collect$$rtexit$$00000001) for .ARM.Collect$$rtexit$$00000001
    rtexit2.o(.ARM.exidx) refers to rtexit2.o(.ARM.Collect$$rtexit$$00000003) for .ARM.Collect$$rtexit$$00000003
    rtexit2.o(.ARM.exidx) refers to rtexit2.o(.ARM.Collect$$rtexit$$00000004) for .ARM.Collect$$rtexit$$00000004
    argv_veneer.o(.emb_text) refers to _get_argv_nomalloc.o(.text) for __ARM_get_argv
    sys_exit.o(.text) refers (Special) to use_no_semi.o(.text) for __I$use$semihosting
    sys_exit.o(.text) refers (Special) to indicate_semi.o(.text) for __semihosting_library_function
    _get_argv_nomalloc.o(.text) refers (Special) to hrguard.o(.text) for __heap_region$guard
    _get_argv_nomalloc.o(.text) refers to defsig_rtmem_outer.o(.text) for __rt_SIGRTMEM
    _get_argv_nomalloc.o(.text) refers to sys_command.o(.text) for _sys_command_string
    libshutdown.o(.ARM.Collect$$libshutdown$$00000000) refers (Special) to libshutdown2.o(.ARM.Collect$$libshutdown$$00000002) for __rt_lib_shutdown_cpp_1
    libshutdown.o(.ARM.Collect$$libshutdown$$00000000) refers (Special) to libshutdown2.o(.ARM.Collect$$libshutdown$$00000007) for __rt_lib_shutdown_fp_trap_1
    libshutdown.o(.ARM.Collect$$libshutdown$$00000000) refers (Special) to libshutdown2.o(.ARM.Collect$$libshutdown$$0000000F) for __rt_lib_shutdown_heap_1
    libshutdown.o(.ARM.Collect$$libshutdown$$00000000) refers (Special) to libshutdown2.o(.ARM.Collect$$libshutdown$$00000010) for __rt_lib_shutdown_return
    libshutdown.o(.ARM.Collect$$libshutdown$$00000000) refers (Special) to libshutdown2.o(.ARM.Collect$$libshutdown$$0000000A) for __rt_lib_shutdown_signal_1
    libshutdown.o(.ARM.Collect$$libshutdown$$00000000) refers (Special) to libshutdown2.o(.ARM.Collect$$libshutdown$$00000004) for __rt_lib_shutdown_stdio_1
    libshutdown.o(.ARM.Collect$$libshutdown$$00000000) refers (Special) to libshutdown2.o(.ARM.Collect$$libshutdown$$0000000C) for __rt_lib_shutdown_user_alloc_1
    sys_command.o(.text) refers (Special) to use_no_semi.o(.text) for __I$use$semihosting
    sys_command.o(.text) refers (Special) to indicate_semi.o(.text) for __semihosting_library_function
    defsig_rtmem_outer.o(.text) refers to defsig_rtmem_inner.o(.text) for __rt_SIGRTMEM_inner
    defsig_rtmem_outer.o(.text) refers to defsig_exit.o(.text) for __sig_exit
    defsig_rtmem_formal.o(.text) refers to rt_raise.o(.text) for __rt_raise
    rt_raise.o(.text) refers to __raise.o(.text) for __raise
    rt_raise.o(.text) refers to sys_exit.o(.text) for _sys_exit
    defsig_exit.o(.text) refers to sys_exit.o(.text) for _sys_exit
    defsig_rtmem_inner.o(.text) refers to defsig_general.o(.text) for __default_signal_display
    __raise.o(.text) refers to defsig.o(CL$$defsig) for __default_signal_handler
    defsig_general.o(.text) refers to sys_wrch.o(.text) for _ttywrch
    sys_wrch.o(.text) refers (Special) to use_no_semi.o(.text) for __I$use$semihosting
    sys_wrch.o(.text) refers (Special) to indicate_semi.o(.text) for __semihosting_library_function
    defsig.o(CL$$defsig) refers to defsig_rtmem_inner.o(.text) for __rt_SIGRTMEM_inner
    defsig_abrt_inner.o(.text) refers to defsig_general.o(.text) for __default_signal_display
    defsig_fpe_inner.o(.text) refers to defsig_general.o(.text) for __default_signal_display
    defsig_rtred_inner.o(.text) refers to defsig_general.o(.text) for __default_signal_display
    defsig_stak_inner.o(.text) refers to defsig_general.o(.text) for __default_signal_display
    defsig_pvfn_inner.o(.text) refers to defsig_general.o(.text) for __default_signal_display
    defsig_cppl_inner.o(.text) refers to defsig_general.o(.text) for __default_signal_display
    defsig_segv_inner.o(.text) refers to defsig_general.o(.text) for __default_signal_display
    defsig_other.o(.text) refers to defsig_general.o(.text) for __default_signal_display


==============================================================================

Removing Unused input sections from the image.

    Removing system_s6e2cc.o(.rev16_text), (4 bytes).
    Removing system_s6e2cc.o(.revsh_text), (4 bytes).
    Removing system_s6e2cc.o(.rrx_text), (6 bytes).
    Removing system_s6e2cc.o(i.SystemCoreClockUpdate), (192 bytes).

4 unused section(s) (total 206 bytes) removed from the image.

==============================================================================

Image Symbol Table

    Local Symbols

    Symbol Name                              Value     Ov Type        Size  Object(Section)

    RESET                                    0x00000000   Section      576  startup_s6e2cc.o(RESET)
    ../clib/angel/boardlib.s                 0x00000000   Number         0  boardinit3.o ABSOLUTE
    ../clib/angel/boardlib.s                 0x00000000   Number         0  boardshut.o ABSOLUTE
    ../clib/angel/boardlib.s                 0x00000000   Number         0  boardinit2.o ABSOLUTE
    ../clib/angel/boardlib.s                 0x00000000   Number         0  boardinit1.o ABSOLUTE
    ../clib/angel/handlers.s                 0x00000000   Number         0  __scatter_zi.o ABSOLUTE
    ../clib/angel/handlers.s                 0x00000000   Number         0  __scatter_copy.o ABSOLUTE
    ../clib/angel/kernel.s                   0x00000000   Number         0  __rtentry4.o ABSOLUTE
    ../clib/angel/kernel.s                   0x00000000   Number         0  rtexit2.o ABSOLUTE
    ../clib/angel/kernel.s                   0x00000000   Number         0  __rtentry.o ABSOLUTE
    ../clib/angel/kernel.s                   0x00000000   Number         0  __rtentry2.o ABSOLUTE
    ../clib/angel/kernel.s                   0x00000000   Number         0  rtexit.o ABSOLUTE
    ../clib/angel/rt.s                       0x00000000   Number         0  rt_raise.o ABSOLUTE
    ../clib/angel/scatter.s                  0x00000000   Number         0  __scatter.o ABSOLUTE
    ../clib/angel/startup.s                  0x00000000   Number         0  __main.o ABSOLUTE
    ../clib/angel/sys.s                      0x00000000   Number         0  sys_stackheap_outer.o ABSOLUTE
    ../clib/angel/sys.s                      0x00000000   Number         0  indicate_semi.o ABSOLUTE
    ../clib/angel/sys.s                      0x00000000   Number         0  use_no_semi.o ABSOLUTE
    ../clib/angel/sys.s                      0x00000000   Number         0  libspace.o ABSOLUTE
    ../clib/angel/sysapp.c                   0x00000000   Number         0  sys_command.o ABSOLUTE
    ../clib/angel/sysapp.c                   0x00000000   Number         0  sys_exit.o ABSOLUTE
    ../clib/angel/sysapp.c                   0x00000000   Number         0  sys_wrch.o ABSOLUTE
    ../clib/armsys.c                         0x00000000   Number         0  no_argv.o ABSOLUTE
    ../clib/armsys.c                         0x00000000   Number         0  argv_veneer.o ABSOLUTE
    ../clib/armsys.c                         0x00000000   Number         0  argv_veneer.o ABSOLUTE
    ../clib/armsys.c                         0x00000000   Number         0  _get_argv_nomalloc.o ABSOLUTE
    ../clib/heapalloc.c                      0x00000000   Number         0  hrguard.o ABSOLUTE
    ../clib/heapaux.c                        0x00000000   Number         0  heapauxi.o ABSOLUTE
    ../clib/libinit.s                        0x00000000   Number         0  libshutdown.o ABSOLUTE
    ../clib/libinit.s                        0x00000000   Number         0  libshutdown2.o ABSOLUTE
    ../clib/libinit.s                        0x00000000   Number         0  libinit.o ABSOLUTE
    ../clib/libinit.s                        0x00000000   Number         0  libinit2.o ABSOLUTE
    ../clib/signal.c                         0x00000000   Number         0  defsig_fpe_inner.o ABSOLUTE
    ../clib/signal.c                         0x00000000   Number         0  defsig_abrt_inner.o ABSOLUTE
    ../clib/signal.c                         0x00000000   Number         0  defsig_rtmem_outer.o ABSOLUTE
    ../clib/signal.c                         0x00000000   Number         0  defsig_other.o ABSOLUTE
    ../clib/signal.c                         0x00000000   Number         0  defsig_general.o ABSOLUTE
    ../clib/signal.c                         0x00000000   Number         0  __raise.o ABSOLUTE
    ../clib/signal.c                         0x00000000   Number         0  defsig_segv_inner.o ABSOLUTE
    ../clib/signal.c                         0x00000000   Number         0  defsig_rtmem_inner.o ABSOLUTE
    ../clib/signal.c                         0x00000000   Number         0  defsig_cppl_inner.o ABSOLUTE
    ../clib/signal.c                         0x00000000   Number         0  defsig_exit.o ABSOLUTE
    ../clib/signal.c                         0x00000000   Number         0  defsig_pvfn_inner.o ABSOLUTE
    ../clib/signal.c                         0x00000000   Number         0  defsig_stak_inner.o ABSOLUTE
    ../clib/signal.c                         0x00000000   Number         0  defsig_rtred_inner.o ABSOLUTE
    ../clib/signal.c                         0x00000000   Number         0  defsig_rtmem_formal.o ABSOLUTE
    ../clib/signal.s                         0x00000000   Number         0  defsig.o ABSOLUTE
    ../clib/stdlib.c                         0x00000000   Number         0  exit.o ABSOLUTE
    ../fplib/fpinit.s                        0x00000000   Number         0  fpinit.o ABSOLUTE
    RTE\Device\S6E2CCAJ0A\startup_s6e2cc.s   0x00000000   Number         0  startup_s6e2cc.o ABSOLUTE
    RTE\Device\S6E2CCAJ0A\system_s6e2cc.c    0x00000000   Number         0  system_s6e2cc.o ABSOLUTE
    RTE\\Device\\S6E2CCAJ0A\\system_s6e2cc.c 0x00000000   Number         0  system_s6e2cc.o ABSOLUTE
    chapter3_asm.s                           0x00000000   Number         0  chapter3_asm.o ABSOLUTE
    dc.s                                     0x00000000   Number         0  dc.o ABSOLUTE
    !!!main                                  0x00000240   Section        8  __main.o(!!!main)
    !!!scatter                               0x00000248   Section       52  __scatter.o(!!!scatter)
    !!handler_copy                           0x0000027c   Section       26  __scatter_copy.o(!!handler_copy)
    !!handler_zi                             0x00000298   Section       28  __scatter_zi.o(!!handler_zi)
    .ARM.Collect$$libinit$$00000000          0x000002b4   Section        2  libinit.o(.ARM.Collect$$libinit$$00000000)
    .ARM.Collect$$libinit$$00000001          0x000002b6   Section        4  libinit2.o(.ARM.Collect$$libinit$$00000001)
    .ARM.Collect$$libinit$$00000004          0x000002ba   Section        0  libinit2.o(.ARM.Collect$$libinit$$00000004)
    .ARM.Collect$$libinit$$0000000A          0x000002ba   Section        0  libinit2.o(.ARM.Collect$$libinit$$0000000A)
    .ARM.Collect$$libinit$$0000000C          0x000002ba   Section        0  libinit2.o(.ARM.Collect$$libinit$$0000000C)
    .ARM.Collect$$libinit$$0000000E          0x000002ba   Section        0  libinit2.o(.ARM.Collect$$libinit$$0000000E)
    .ARM.Collect$$libinit$$00000011          0x000002ba   Section        0  libinit2.o(.ARM.Collect$$libinit$$00000011)
    .ARM.Collect$$libinit$$00000013          0x000002ba   Section        0  libinit2.o(.ARM.Collect$$libinit$$00000013)
    .ARM.Collect$$libinit$$00000015          0x000002ba   Section        0  libinit2.o(.ARM.Collect$$libinit$$00000015)
    .ARM.Collect$$libinit$$00000017          0x000002ba   Section        0  libinit2.o(.ARM.Collect$$libinit$$00000017)
    .ARM.Collect$$libinit$$00000019          0x000002ba   Section        0  libinit2.o(.ARM.Collect$$libinit$$00000019)
    .ARM.Collect$$libinit$$0000001B          0x000002ba   Section        0  libinit2.o(.ARM.Collect$$libinit$$0000001B)
    .ARM.Collect$$libinit$$0000001D          0x000002ba   Section        0  libinit2.o(.ARM.Collect$$libinit$$0000001D)
    .ARM.Collect$$libinit$$0000001F          0x000002ba   Section        0  libinit2.o(.ARM.Collect$$libinit$$0000001F)
    .ARM.Collect$$libinit$$00000021          0x000002ba   Section        0  libinit2.o(.ARM.Collect$$libinit$$00000021)
    .ARM.Collect$$libinit$$00000023          0x000002ba   Section        0  libinit2.o(.ARM.Collect$$libinit$$00000023)
    .ARM.Collect$$libinit$$00000025          0x000002ba   Section        0  libinit2.o(.ARM.Collect$$libinit$$00000025)
    .ARM.Collect$$libinit$$00000027          0x000002ba   Section        8  libinit2.o(.ARM.Collect$$libinit$$00000027)
    .ARM.Collect$$libinit$$0000002E          0x000002c2   Section        0  libinit2.o(.ARM.Collect$$libinit$$0000002E)
    .ARM.Collect$$libinit$$00000030          0x000002c2   Section        0  libinit2.o(.ARM.Collect$$libinit$$00000030)
    .ARM.Collect$$libinit$$00000032          0x000002c2   Section        0  libinit2.o(.ARM.Collect$$libinit$$00000032)
    .ARM.Collect$$libinit$$00000033          0x000002c2   Section        2  libinit2.o(.ARM.Collect$$libinit$$00000033)
    .ARM.Collect$$libshutdown$$00000000      0x000002c4   Section        2  libshutdown.o(.ARM.Collect$$libshutdown$$00000000)
    .ARM.Collect$$libshutdown$$00000002      0x000002c6   Section        0  libshutdown2.o(.ARM.Collect$$libshutdown$$00000002)
    .ARM.Collect$$libshutdown$$00000004      0x000002c6   Section        0  libshutdown2.o(.ARM.Collect$$libshutdown$$00000004)
    .ARM.Collect$$libshutdown$$00000007      0x000002c6   Section        0  libshutdown2.o(.ARM.Collect$$libshutdown$$00000007)
    .ARM.Collect$$libshutdown$$0000000A      0x000002c6   Section        0  libshutdown2.o(.ARM.Collect$$libshutdown$$0000000A)
    .ARM.Collect$$libshutdown$$0000000C      0x000002c6   Section        0  libshutdown2.o(.ARM.Collect$$libshutdown$$0000000C)
    .ARM.Collect$$libshutdown$$0000000F      0x000002c6   Section        0  libshutdown2.o(.ARM.Collect$$libshutdown$$0000000F)
    .ARM.Collect$$libshutdown$$00000010      0x000002c6   Section        2  libshutdown2.o(.ARM.Collect$$libshutdown$$00000010)
    .ARM.Collect$$rtentry$$00000000          0x000002c8   Section        0  __rtentry.o(.ARM.Collect$$rtentry$$00000000)
    .ARM.Collect$$rtentry$$00000002          0x000002c8   Section        0  __rtentry2.o(.ARM.Collect$$rtentry$$00000002)
    .ARM.Collect$$rtentry$$00000004          0x000002c8   Section        6  __rtentry4.o(.ARM.Collect$$rtentry$$00000004)
    .ARM.Collect$$rtentry$$00000009          0x000002ce   Section        0  __rtentry2.o(.ARM.Collect$$rtentry$$00000009)
    .ARM.Collect$$rtentry$$0000000A          0x000002ce   Section        4  __rtentry2.o(.ARM.Collect$$rtentry$$0000000A)
    .ARM.Collect$$rtentry$$0000000C          0x000002d2   Section        0  __rtentry2.o(.ARM.Collect$$rtentry$$0000000C)
    .ARM.Collect$$rtentry$$0000000D          0x000002d2   Section        8  __rtentry2.o(.ARM.Collect$$rtentry$$0000000D)
    .ARM.Collect$$rtexit$$00000000           0x000002da   Section        2  rtexit.o(.ARM.Collect$$rtexit$$00000000)
    .ARM.Collect$$rtexit$$00000002           0x000002dc   Section        0  rtexit2.o(.ARM.Collect$$rtexit$$00000002)
    .ARM.Collect$$rtexit$$00000003           0x000002dc   Section        4  rtexit2.o(.ARM.Collect$$rtexit$$00000003)
    .ARM.Collect$$rtexit$$00000004           0x000002e0   Section        6  rtexit2.o(.ARM.Collect$$rtexit$$00000004)
    .emb_text                                0x000002e8   Section        4  argv_veneer.o(.emb_text)
    .text                                    0x000002ec   Section        8  chapter3_asm.o(.text)
    $v0                                      0x000002ec   Number         0  chapter3_asm.o(.text)
    .text                                    0x000002f4   Section       76  startup_s6e2cc.o(.text)
    $v0                                      0x000002f4   Number         0  startup_s6e2cc.o(.text)
    .text                                    0x00000340   Section        0  heapauxi.o(.text)
    .text                                    0x00000346   Section       74  sys_stackheap_outer.o(.text)
    .text                                    0x00000390   Section        0  exit.o(.text)
    .text                                    0x000003a4   Section        8  libspace.o(.text)
    .text                                    0x000003ac   Section        0  sys_exit.o(.text)
    .text                                    0x000003b8   Section        0  _get_argv_nomalloc.o(.text)
    .text                                    0x000004e6   Section        0  sys_command.o(.text)
    .text                                    0x000004fe   Section        2  use_no_semi.o(.text)
    .text                                    0x00000500   Section        0  hrguard.o(.text)
    .text                                    0x00000500   Section        0  indicate_semi.o(.text)
    .text                                    0x00000504   Section        0  defsig_rtmem_outer.o(.text)
    .text                                    0x00000512   Section        0  defsig_exit.o(.text)
    .text                                    0x0000051c   Section        0  defsig_rtmem_inner.o(.text)
    .text                                    0x0000056c   Section        0  defsig_general.o(.text)
    .text                                    0x0000059e   Section        0  sys_wrch.o(.text)
    i.SystemInit                             0x000005ac   Section        0  system_s6e2cc.o(i.SystemInit)
    x$fpl$fpinit                             0x00000694   Section       10  fpinit.o(x$fpl$fpinit)
    $v0                                      0x00000694   Number         0  fpinit.o(x$fpl$fpinit)
    .data                                    0x1ffd0000   Section        5  system_s6e2cc.o(.data)
    u8IoRegisterRead                         0x1ffd0004   Data           1  system_s6e2cc.o(.data)
    .bss                                     0x1ffd0008   Section       96  libspace.o(.bss)
    HEAP                                     0x1ffd0068   Section        0  startup_s6e2cc.o(HEAP)
    STACK                                    0x1ffd0068   Section      512  startup_s6e2cc.o(STACK)
    Heap_Mem                                 0x1ffd0068   Data           0  startup_s6e2cc.o(HEAP)
    Stack_Mem                                0x1ffd0068   Data         512  startup_s6e2cc.o(STACK)
    __initial_sp                             0x1ffd0268   Data           0  startup_s6e2cc.o(STACK)

    Global Symbols

    Symbol Name                              Value     Ov Type        Size  Object(Section)

    BuildAttributes$$THM_ISAv4$E$P$D$K$B$S$7EM$VFPi3$EXTD16$VFPS$VFMA$PE$A:L22UL41UL21$X:L11$S22US41US21$IEEE1$IW$USESV6$~STKCKD$USESV7$~SHL$OSPACE$ROPI$EBA8$UX$STANDARDLIB$REQ8$PRES8$EABIv2 0x00000000   Number         0  anon$$obj.o ABSOLUTE
    __Vectors                                0x00000000   Data           4  startup_s6e2cc.o(RESET)
    __ARM_exceptions_init                     - Undefined Weak Reference
    __alloca_initialize                       - Undefined Weak Reference
    __arm_preinit_                            - Undefined Weak Reference
    __cpp_initialize__aeabi_                  - Undefined Weak Reference
    __cxa_finalize                            - Undefined Weak Reference
    __rt_locale                               - Undefined Weak Reference
    __sigvec_lookup                           - Undefined Weak Reference
    _atexit_init                              - Undefined Weak Reference
    _call_atexit_fns                          - Undefined Weak Reference
    _clock_init                               - Undefined Weak Reference
    _fp_trap_init                             - Undefined Weak Reference
    _fp_trap_shutdown                         - Undefined Weak Reference
    _get_lc_collate                           - Undefined Weak Reference
    _get_lc_ctype                             - Undefined Weak Reference
    _get_lc_monetary                          - Undefined Weak Reference
    _get_lc_numeric                           - Undefined Weak Reference
    _get_lc_time                              - Undefined Weak Reference
    _getenv_init                              - Undefined Weak Reference
    _handle_redirection                       - Undefined Weak Reference
    _init_alloc                               - Undefined Weak Reference
    _init_user_alloc                          - Undefined Weak Reference
    _initio                                   - Undefined Weak Reference
    _rand_init                                - Undefined Weak Reference
    _signal_finish                            - Undefined Weak Reference
    _signal_init                              - Undefined Weak Reference
    _terminate_alloc                          - Undefined Weak Reference
    _terminate_user_alloc                     - Undefined Weak Reference
    _terminateio                              - Undefined Weak Reference
    __Vectors_End                            0x00000240   Data           0  startup_s6e2cc.o(RESET)
    __Vectors_Size                           0x00000240   Number         0  startup_s6e2cc.o ABSOLUTE
    __main                                   0x00000241   Thumb Code     8  __main.o(!!!main)
    __scatterload                            0x00000249   Thumb Code     0  __scatter.o(!!!scatter)
    __scatterload_rt2                        0x00000249   Thumb Code    44  __scatter.o(!!!scatter)
    __scatterload_rt2_thumb_only             0x00000249   Thumb Code     0  __scatter.o(!!!scatter)
    __scatterload_null                       0x00000257   Thumb Code     0  __scatter.o(!!!scatter)
    __scatterload_copy                       0x0000027d   Thumb Code    26  __scatter_copy.o(!!handler_copy)
    __scatterload_zeroinit                   0x00000299   Thumb Code    28  __scatter_zi.o(!!handler_zi)
    __rt_lib_init                            0x000002b5   Thumb Code     0  libinit.o(.ARM.Collect$$libinit$$00000000)
    __rt_lib_init_fp_1                       0x000002b7   Thumb Code     0  libinit2.o(.ARM.Collect$$libinit$$00000001)
    __rt_lib_init_argv_1                     0x000002bb   Thumb Code     0  libinit2.o(.ARM.Collect$$libinit$$00000027)
    __rt_lib_init_atexit_1                   0x000002bb   Thumb Code     0  libinit2.o(.ARM.Collect$$libinit$$0000001B)
    __rt_lib_init_clock_1                    0x000002bb   Thumb Code     0  libinit2.o(.ARM.Collect$$libinit$$00000021)
    __rt_lib_init_fp_trap_1                  0x000002bb   Thumb Code     0  libinit2.o(.ARM.Collect$$libinit$$0000001F)
    __rt_lib_init_getenv_1                   0x000002bb   Thumb Code     0  libinit2.o(.ARM.Collect$$libinit$$00000023)
    __rt_lib_init_heap_1                     0x000002bb   Thumb Code     0  libinit2.o(.ARM.Collect$$libinit$$0000000A)
    __rt_lib_init_heapregion_libspace_used   0x000002bb   Thumb Code     0  libinit2.o(.ARM.Collect$$libinit$$00000027)
    __rt_lib_init_lc_collate_1               0x000002bb   Thumb Code     0  libinit2.o(.ARM.Collect$$libinit$$00000011)
    __rt_lib_init_lc_ctype_1                 0x000002bb   Thumb Code     0  libinit2.o(.ARM.Collect$$libinit$$00000013)
    __rt_lib_init_lc_monetary_1              0x000002bb   Thumb Code     0  libinit2.o(.ARM.Collect$$libinit$$00000015)
    __rt_lib_init_lc_numeric_1               0x000002bb   Thumb Code     0  libinit2.o(.ARM.Collect$$libinit$$00000017)
    __rt_lib_init_lc_time_1                  0x000002bb   Thumb Code     0  libinit2.o(.ARM.Collect$$libinit$$00000019)
    __rt_lib_init_preinit_1                  0x000002bb   Thumb Code     0  libinit2.o(.ARM.Collect$$libinit$$00000004)
    __rt_lib_init_rand_1                     0x000002bb   Thumb Code     0  libinit2.o(.ARM.Collect$$libinit$$0000000E)
    __rt_lib_init_signal_1                   0x000002bb   Thumb Code     0  libinit2.o(.ARM.Collect$$libinit$$0000001D)
    __rt_lib_init_stdio_1                    0x000002bb   Thumb Code     0  libinit2.o(.ARM.Collect$$libinit$$00000025)
    __rt_lib_init_user_alloc_1               0x000002bb   Thumb Code     0  libinit2.o(.ARM.Collect$$libinit$$0000000C)
    __rt_lib_init_alloca_1                   0x000002c3   Thumb Code     0  libinit2.o(.ARM.Collect$$libinit$$0000002E)
    __rt_lib_init_cpp_1                      0x000002c3   Thumb Code     0  libinit2.o(.ARM.Collect$$libinit$$00000032)
    __rt_lib_init_exceptions_1               0x000002c3   Thumb Code     0  libinit2.o(.ARM.Collect$$libinit$$00000030)
    __rt_lib_init_return                     0x000002c3   Thumb Code     0  libinit2.o(.ARM.Collect$$libinit$$00000033)
    __rt_lib_shutdown                        0x000002c5   Thumb Code     0  libshutdown.o(.ARM.Collect$$libshutdown$$00000000)
    __rt_lib_shutdown_cpp_1                  0x000002c7   Thumb Code     0  libshutdown2.o(.ARM.Collect$$libshutdown$$00000002)
    __rt_lib_shutdown_fp_trap_1              0x000002c7   Thumb Code     0  libshutdown2.o(.ARM.Collect$$libshutdown$$00000007)
    __rt_lib_shutdown_heap_1                 0x000002c7   Thumb Code     0  libshutdown2.o(.ARM.Collect$$libshutdown$$0000000F)
    __rt_lib_shutdown_return                 0x000002c7   Thumb Code     0  libshutdown2.o(.ARM.Collect$$libshutdown$$00000010)
    __rt_lib_shutdown_signal_1               0x000002c7   Thumb Code     0  libshutdown2.o(.ARM.Collect$$libshutdown$$0000000A)
    __rt_lib_shutdown_stdio_1                0x000002c7   Thumb Code     0  libshutdown2.o(.ARM.Collect$$libshutdown$$00000004)
    __rt_lib_shutdown_user_alloc_1           0x000002c7   Thumb Code     0  libshutdown2.o(.ARM.Collect$$libshutdown$$0000000C)
    __rt_entry                               0x000002c9   Thumb Code     0  __rtentry.o(.ARM.Collect$$rtentry$$00000000)
    __rt_entry_presh_1                       0x000002c9   Thumb Code     0  __rtentry2.o(.ARM.Collect$$rtentry$$00000002)
    __rt_entry_sh                            0x000002c9   Thumb Code     0  __rtentry4.o(.ARM.Collect$$rtentry$$00000004)
    __rt_entry_li                            0x000002cf   Thumb Code     0  __rtentry2.o(.ARM.Collect$$rtentry$$0000000A)
    __rt_entry_postsh_1                      0x000002cf   Thumb Code     0  __rtentry2.o(.ARM.Collect$$rtentry$$00000009)
    __rt_entry_main                          0x000002d3   Thumb Code     0  __rtentry2.o(.ARM.Collect$$rtentry$$0000000D)
    __rt_entry_postli_1                      0x000002d3   Thumb Code     0  __rtentry2.o(.ARM.Collect$$rtentry$$0000000C)
    __rt_exit                                0x000002db   Thumb Code     0  rtexit.o(.ARM.Collect$$rtexit$$00000000)
    __rt_exit_ls                             0x000002dd   Thumb Code     0  rtexit2.o(.ARM.Collect$$rtexit$$00000003)
    __rt_exit_prels_1                        0x000002dd   Thumb Code     0  rtexit2.o(.ARM.Collect$$rtexit$$00000002)
    __rt_exit_exit                           0x000002e1   Thumb Code     0  rtexit2.o(.ARM.Collect$$rtexit$$00000004)
    __ARM_argv_veneer                        0x000002e9   Thumb Code     4  argv_veneer.o(.emb_text)
    main                                     0x000002ed   Thumb Code     0  chapter3_asm.o(.text)
    Reset_Handler                            0x000002f5   Thumb Code    20  startup_s6e2cc.o(.text)
    NMI_Handler                              0x00000309   Thumb Code     2  startup_s6e2cc.o(.text)
    HardFault_Handler                        0x0000030b   Thumb Code     2  startup_s6e2cc.o(.text)
    MemManage_Handler                        0x0000030d   Thumb Code     2  startup_s6e2cc.o(.text)
    BusFault_Handler                         0x0000030f   Thumb Code     2  startup_s6e2cc.o(.text)
    UsageFault_Handler                       0x00000311   Thumb Code     2  startup_s6e2cc.o(.text)
    SVC_Handler                              0x00000313   Thumb Code     2  startup_s6e2cc.o(.text)
    DebugMon_Handler                         0x00000315   Thumb Code     2  startup_s6e2cc.o(.text)
    PendSV_Handler                           0x00000317   Thumb Code     2  startup_s6e2cc.o(.text)
    SysTick_Handler                          0x00000319   Thumb Code     2  startup_s6e2cc.o(.text)
    ADC0_IRQHandler                          0x0000031b   Thumb Code     0  startup_s6e2cc.o(.text)
    ADC1_IRQHandler                          0x0000031b   Thumb Code     0  startup_s6e2cc.o(.text)
    ADC2_IRQHandler                          0x0000031b   Thumb Code     0  startup_s6e2cc.o(.text)
    BT0_IRQHandler                           0x0000031b   Thumb Code     0  startup_s6e2cc.o(.text)
    BT10_IRQHandler                          0x0000031b   Thumb Code     0  startup_s6e2cc.o(.text)
    BT11_IRQHandler                          0x0000031b   Thumb Code     0  startup_s6e2cc.o(.text)
    BT12_15_IRQHandler                       0x0000031b   Thumb Code     0  startup_s6e2cc.o(.text)
    BT1_IRQHandler                           0x0000031b   Thumb Code     0  startup_s6e2cc.o(.text)
    BT2_IRQHandler                           0x0000031b   Thumb Code     0  startup_s6e2cc.o(.text)
    BT3_IRQHandler                           0x0000031b   Thumb Code     0  startup_s6e2cc.o(.text)
    BT4_IRQHandler                           0x0000031b   Thumb Code     0  startup_s6e2cc.o(.text)
    BT5_IRQHandler                           0x0000031b   Thumb Code     0  startup_s6e2cc.o(.text)
    BT6_IRQHandler                           0x0000031b   Thumb Code     0  startup_s6e2cc.o(.text)
    BT7_IRQHandler                           0x0000031b   Thumb Code     0  startup_s6e2cc.o(.text)
    BT8_IRQHandler                           0x0000031b   Thumb Code     0  startup_s6e2cc.o(.text)
    BT9_IRQHandler                           0x0000031b   Thumb Code     0  startup_s6e2cc.o(.text)
    CAN0_IRQHandler                          0x0000031b   Thumb Code     0  startup_s6e2cc.o(.text)
    CAN1_CANFD_IRQHandler                    0x0000031b   Thumb Code     0  startup_s6e2cc.o(.text)
    CSV_IRQHandler                           0x0000031b   Thumb Code     0  startup_s6e2cc.o(.text)
    DMAC0_IRQHandler                         0x0000031b   Thumb Code     0  startup_s6e2cc.o(.text)
    DMAC1_IRQHandler                         0x0000031b   Thumb Code     0  startup_s6e2cc.o(.text)
    DMAC2_IRQHandler                         0x0000031b   Thumb Code     0  startup_s6e2cc.o(.text)
    DMAC3_IRQHandler                         0x0000031b   Thumb Code     0  startup_s6e2cc.o(.text)
    DMAC4_IRQHandler                         0x0000031b   Thumb Code     0  startup_s6e2cc.o(.text)
    DMAC5_IRQHandler                         0x0000031b   Thumb Code     0  startup_s6e2cc.o(.text)
    DMAC6_IRQHandler                         0x0000031b   Thumb Code     0  startup_s6e2cc.o(.text)
    DMAC7_IRQHandler                         0x0000031b   Thumb Code     0  startup_s6e2cc.o(.text)
    DSTC_IRQHandler                          0x0000031b   Thumb Code     0  startup_s6e2cc.o(.text)
    DT1_2_IRAHandler                         0x0000031b   Thumb Code     0  startup_s6e2cc.o(.text)
    Dummy                                    0x0000031b   Thumb Code     0  startup_s6e2cc.o(.text)
    ETHER0_IRQHandler                        0x0000031b   Thumb Code     0  startup_s6e2cc.o(.text)
    EXINT0_IRQHandler                        0x0000031b   Thumb Code     0  startup_s6e2cc.o(.text)
    EXINT16_17_18_19_IRQHandler              0x0000031b   Thumb Code     0  startup_s6e2cc.o(.text)
    EXINT1_IRQHandler                        0x0000031b   Thumb Code     0  startup_s6e2cc.o(.text)
    EXINT20_21_22_23_IRQHandler              0x0000031b   Thumb Code     0  startup_s6e2cc.o(.text)
    EXINT24_25_26_27_IRQHandler              0x0000031b   Thumb Code     0  startup_s6e2cc.o(.text)
    EXINT28_29_30_31_IRQHandler              0x0000031b   Thumb Code     0  startup_s6e2cc.o(.text)
    EXINT2_IRQHandler                        0x0000031b   Thumb Code     0  startup_s6e2cc.o(.text)
    EXINT3_IRQHandler                        0x0000031b   Thumb Code     0  startup_s6e2cc.o(.text)
    EXINT4_IRQHandler                        0x0000031b   Thumb Code     0  startup_s6e2cc.o(.text)
    EXINT5_IRQHandler                        0x0000031b   Thumb Code     0  startup_s6e2cc.o(.text)
    EXINT6_IRQHandler                        0x0000031b   Thumb Code     0  startup_s6e2cc.o(.text)
    EXINT7_IRQHandler                        0x0000031b   Thumb Code     0  startup_s6e2cc.o(.text)
    EXTBUS_ERR_Handler                       0x0000031b   Thumb Code     0  startup_s6e2cc.o(.text)
    EXTINT10_IRQHandler                      0x0000031b   Thumb Code     0  startup_s6e2cc.o(.text)
    EXTINT11_IRQHandler                      0x0000031b   Thumb Code     0  startup_s6e2cc.o(.text)
    EXTINT12_IRQHandler                      0x0000031b   Thumb Code     0  startup_s6e2cc.o(.text)
    EXTINT13_IRQHandler                      0x0000031b   Thumb Code     0  startup_s6e2cc.o(.text)
    EXTINT14_IRQHandler                      0x0000031b   Thumb Code     0  startup_s6e2cc.o(.text)
    EXTINT15_IRQHandler                      0x0000031b   Thumb Code     0  startup_s6e2cc.o(.text)
    EXTINT8_IRQHandler                       0x0000031b   Thumb Code     0  startup_s6e2cc.o(.text)
    EXTINT9_IRQHandler                       0x0000031b   Thumb Code     0  startup_s6e2cc.o(.text)
    FLASHIF_IRQHandler                       0x0000031b   Thumb Code     0  startup_s6e2cc.o(.text)
    FRT0_PEAK_IRQHandler                     0x0000031b   Thumb Code     0  startup_s6e2cc.o(.text)
    FRT0_ZERO_IRQHandler                     0x0000031b   Thumb Code     0  startup_s6e2cc.o(.text)
    FRT1_PEAK_IRQHandler                     0x0000031b   Thumb Code     0  startup_s6e2cc.o(.text)
    FRT1_ZERO_IRQHandler                     0x0000031b   Thumb Code     0  startup_s6e2cc.o(.text)
    FRT2_PEAK_IRQHandler                     0x0000031b   Thumb Code     0  startup_s6e2cc.o(.text)
    FRT2_ZERO_IRQHandler                     0x0000031b   Thumb Code     0  startup_s6e2cc.o(.text)
    HSSPI_IRQHandler                         0x0000031b   Thumb Code     0  startup_s6e2cc.o(.text)
    ICU0_IRQHandler                          0x0000031b   Thumb Code     0  startup_s6e2cc.o(.text)
    ICU1_IRQHandler                          0x0000031b   Thumb Code     0  startup_s6e2cc.o(.text)
    ICU2_IRQHandler                          0x0000031b   Thumb Code     0  startup_s6e2cc.o(.text)
    IRQ003SEL_IRQHandler                     0x0000031b   Thumb Code     0  startup_s6e2cc.o(.text)
    IRQ004SEL_IRQHandler                     0x0000031b   Thumb Code     0  startup_s6e2cc.o(.text)
    IRQ005SEL_IRQHandler                     0x0000031b   Thumb Code     0  startup_s6e2cc.o(.text)
    IRQ006SEL_IRQHandler                     0x0000031b   Thumb Code     0  startup_s6e2cc.o(.text)
    IRQ007SEL_IRQHandler                     0x0000031b   Thumb Code     0  startup_s6e2cc.o(.text)
    IRQ008SEL_IRQHandler                     0x0000031b   Thumb Code     0  startup_s6e2cc.o(.text)
    IRQ009SEL_IRQHandler                     0x0000031b   Thumb Code     0  startup_s6e2cc.o(.text)
    IRQ010SEL_IRQHandler                     0x0000031b   Thumb Code     0  startup_s6e2cc.o(.text)
    LVD_IRQHandler                           0x0000031b   Thumb Code     0  startup_s6e2cc.o(.text)
    MFS0_RX_IRQHandler                       0x0000031b   Thumb Code     0  startup_s6e2cc.o(.text)
    MFS0_TX_IRQHandler                       0x0000031b   Thumb Code     0  startup_s6e2cc.o(.text)
    MFS10_RX_IRQHandler                      0x0000031b   Thumb Code     0  startup_s6e2cc.o(.text)
    MFS10_TX_IRQHandler                      0x0000031b   Thumb Code     0  startup_s6e2cc.o(.text)
    MFS11_RX_IRQHandler                      0x0000031b   Thumb Code     0  startup_s6e2cc.o(.text)
    MFS11_TX_IRQHandler                      0x0000031b   Thumb Code     0  startup_s6e2cc.o(.text)
    MFS12_RX_IRQHandler                      0x0000031b   Thumb Code     0  startup_s6e2cc.o(.text)
    MFS12_TX_IRQHandler                      0x0000031b   Thumb Code     0  startup_s6e2cc.o(.text)
    MFS13_RX_IRQHandler                      0x0000031b   Thumb Code     0  startup_s6e2cc.o(.text)
    MFS13_TX_IRQHandler                      0x0000031b   Thumb Code     0  startup_s6e2cc.o(.text)
    MFS14_RX_IRQHandler                      0x0000031b   Thumb Code     0  startup_s6e2cc.o(.text)
    MFS14_TX_IRQHandler                      0x0000031b   Thumb Code     0  startup_s6e2cc.o(.text)
    MFS15_RX_IRQHandler                      0x0000031b   Thumb Code     0  startup_s6e2cc.o(.text)
    MFS15_TX_IRQHandler                      0x0000031b   Thumb Code     0  startup_s6e2cc.o(.text)
    MFS1_RX_IRQHandler                       0x0000031b   Thumb Code     0  startup_s6e2cc.o(.text)
    MFS1_TX_IRQHandler                       0x0000031b   Thumb Code     0  startup_s6e2cc.o(.text)
    MFS2_RX_IRQHandler                       0x0000031b   Thumb Code     0  startup_s6e2cc.o(.text)
    MFS2_TX_IRQHandler                       0x0000031b   Thumb Code     0  startup_s6e2cc.o(.text)
    MFS3_RX_IRQHandler                       0x0000031b   Thumb Code     0  startup_s6e2cc.o(.text)
    MFS3_TX_IRQHandler                       0x0000031b   Thumb Code     0  startup_s6e2cc.o(.text)
    MFS4_RX_IRQHandler                       0x0000031b   Thumb Code     0  startup_s6e2cc.o(.text)
    MFS4_TX_IRQHandler                       0x0000031b   Thumb Code     0  startup_s6e2cc.o(.text)
    MFS5_RX_IRQHandler                       0x0000031b   Thumb Code     0  startup_s6e2cc.o(.text)
    MFS5_TX_IRQHandler                       0x0000031b   Thumb Code     0  startup_s6e2cc.o(.text)
    MFS6_RX_IRQHandler                       0x0000031b   Thumb Code     0  startup_s6e2cc.o(.text)
    MFS6_TX_IRQHandler                       0x0000031b   Thumb Code     0  startup_s6e2cc.o(.text)
    MFS7_RX_IRQHandler                       0x0000031b   Thumb Code     0  startup_s6e2cc.o(.text)
    MFS7_TX_IRQHandler                       0x0000031b   Thumb Code     0  startup_s6e2cc.o(.text)
    MFS8_RX_IRQHandler                       0x0000031b   Thumb Code     0  startup_s6e2cc.o(.text)
    MFS8_TX_IRQHandler                       0x0000031b   Thumb Code     0  startup_s6e2cc.o(.text)
    MFS9_RX_IRQHandler                       0x0000031b   Thumb Code     0  startup_s6e2cc.o(.text)
    MFS9_TX_IRQHandler                       0x0000031b   Thumb Code     0  startup_s6e2cc.o(.text)
    OCU0_IRQHandler                          0x0000031b   Thumb Code     0  startup_s6e2cc.o(.text)
    OCU1_IRQHandler                          0x0000031b   Thumb Code     0  startup_s6e2cc.o(.text)
    OCU2_IRQHandler                          0x0000031b   Thumb Code     0  startup_s6e2cc.o(.text)
    PPG00_02_04_IRQHandler                   0x0000031b   Thumb Code     0  startup_s6e2cc.o(.text)
    PPG08_10_12_IRQHandler                   0x0000031b   Thumb Code     0  startup_s6e2cc.o(.text)
    PPG16_18_20_IRQHandler                   0x0000031b   Thumb Code     0  startup_s6e2cc.o(.text)
    PRGCRC_I2S_IRQHandler                    0x0000031b   Thumb Code     0  startup_s6e2cc.o(.text)
    QPRC0_IRQHandler                         0x0000031b   Thumb Code     0  startup_s6e2cc.o(.text)
    QPRC1_IRQHandler                         0x0000031b   Thumb Code     0  startup_s6e2cc.o(.text)
    QPRC2_IRQHandler                         0x0000031b   Thumb Code     0  startup_s6e2cc.o(.text)
    QPRC3_IRQHandler                         0x0000031b   Thumb Code     0  startup_s6e2cc.o(.text)
    RTC_IRQHandler                           0x0000031b   Thumb Code     0  startup_s6e2cc.o(.text)
    SD_IRQHandler                            0x0000031b   Thumb Code     0  startup_s6e2cc.o(.text)
    SWDT_IRQHandler                          0x0000031b   Thumb Code     0  startup_s6e2cc.o(.text)
    TIM_IRQHandler                           0x0000031b   Thumb Code     0  startup_s6e2cc.o(.text)
    USB0_HOST_IRQHandler                     0x0000031b   Thumb Code     0  startup_s6e2cc.o(.text)
    USB0_IRQHandler                          0x0000031b   Thumb Code     0  startup_s6e2cc.o(.text)
    USB1_HDMICEC0_IRQHandler                 0x0000031b   Thumb Code     0  startup_s6e2cc.o(.text)
    USB1_HOST_HDMICEC1_IRQHandler            0x0000031b   Thumb Code     0  startup_s6e2cc.o(.text)
    WC_IRQHandler                            0x0000031b   Thumb Code     0  startup_s6e2cc.o(.text)
    WFG0_DTIF0_IRQHandler                    0x0000031b   Thumb Code     0  startup_s6e2cc.o(.text)
    WFG1_DTIF1_IRQHandler                    0x0000031b   Thumb Code     0  startup_s6e2cc.o(.text)
    WFG2_DTIF2_IRQHandler                    0x0000031b   Thumb Code     0  startup_s6e2cc.o(.text)
    __user_initial_stackheap                 0x0000031d   Thumb Code     0  startup_s6e2cc.o(.text)
    __use_two_region_memory                  0x00000341   Thumb Code     2  heapauxi.o(.text)
    __rt_heap_escrow$2region                 0x00000343   Thumb Code     2  heapauxi.o(.text)
    __rt_heap_expand$2region                 0x00000345   Thumb Code     2  heapauxi.o(.text)
    __user_setup_stackheap                   0x00000347   Thumb Code    74  sys_stackheap_outer.o(.text)
    exit                                     0x00000391   Thumb Code    18  exit.o(.text)
    __user_libspace                          0x000003a5   Thumb Code     8  libspace.o(.text)
    __user_perproc_libspace                  0x000003a5   Thumb Code     0  libspace.o(.text)
    __user_perthread_libspace                0x000003a5   Thumb Code     0  libspace.o(.text)
    _sys_exit                                0x000003ad   Thumb Code     8  sys_exit.o(.text)
    __argv_alloc                             0x000003b9   Thumb Code    34  _get_argv_nomalloc.o(.text)
    __ARM_get_argv                           0x000003db   Thumb Code   268  _get_argv_nomalloc.o(.text)
    _sys_command_string                      0x000004e7   Thumb Code    24  sys_command.o(.text)
    __I$use$semihosting                      0x000004ff   Thumb Code     0  use_no_semi.o(.text)
    __use_no_semihosting_swi                 0x000004ff   Thumb Code     2  use_no_semi.o(.text)
    __semihosting_library_function           0x00000501   Thumb Code     0  indicate_semi.o(.text)
    __use_no_heap_region                     0x00000501   Thumb Code     2  hrguard.o(.text)
    __heap_region$guard                      0x00000503   Thumb Code     2  hrguard.o(.text)
    __rt_SIGRTMEM                            0x00000505   Thumb Code    14  defsig_rtmem_outer.o(.text)
    __sig_exit                               0x00000513   Thumb Code    10  defsig_exit.o(.text)
    __rt_SIGRTMEM_inner                      0x0000051d   Thumb Code    22  defsig_rtmem_inner.o(.text)
    __default_signal_display                 0x0000056d   Thumb Code    50  defsig_general.o(.text)
    _ttywrch                                 0x0000059f   Thumb Code    14  sys_wrch.o(.text)
    SystemInit                               0x000005ad   Thumb Code   202  system_s6e2cc.o(i.SystemInit)
    _fp_init                                 0x00000695   Thumb Code    10  fpinit.o(x$fpl$fpinit)
    __fplib_config_fpu_vfp                   0x0000069d   Thumb Code     0  fpinit.o(x$fpl$fpinit)
    __fplib_config_pureend_doubles           0x0000069d   Thumb Code     0  fpinit.o(x$fpl$fpinit)
    Region$$Table$$Base                      0x000006a0   Number         0  anon$$obj.o(Region$$Table)
    Region$$Table$$Limit                     0x000006c0   Number         0  anon$$obj.o(Region$$Table)
    SystemCoreClock                          0x1ffd0000   Data           4  system_s6e2cc.o(.data)
    __libspace_start                         0x1ffd0008   Data          96  libspace.o(.bss)
    __temporary_stack_top$libspace           0x1ffd0068   Data           0  libspace.o(.bss)



==============================================================================

Memory Map of the image

  Image Entry point : 0x000002f5

  Load Region LR_1 (Base: 0x00000000, Size: 0x000006c8, Max: 0xffffffff, ABSOLUTE)

    Execution Region ER_RO (Base: 0x00000000, Size: 0x000006c0, Max: 0xffffffff, ABSOLUTE)

    Base Addr    Size         Type   Attr      Idx    E Section Name        Object

    0x00000000   0x00000240   Data   RO            8    RESET               startup_s6e2cc.o
    0x00000240   0x00000008   Code   RO           82  * !!!main             c_w.l(__main.o)
    0x00000248   0x00000034   Code   RO          239    !!!scatter          c_w.l(__scatter.o)
    0x0000027c   0x0000001a   Code   RO          241    !!handler_copy      c_w.l(__scatter_copy.o)
    0x00000296   0x00000002   PAD
    0x00000298   0x0000001c   Code   RO          243    !!handler_zi        c_w.l(__scatter_zi.o)
    0x000002b4   0x00000002   Code   RO          109    .ARM.Collect$$libinit$$00000000  c_w.l(libinit.o)
    0x000002b6   0x00000004   Code   RO          115    .ARM.Collect$$libinit$$00000001  c_w.l(libinit2.o)
    0x000002ba   0x00000000   Code   RO          118    .ARM.Collect$$libinit$$00000004  c_w.l(libinit2.o)
    0x000002ba   0x00000000   Code   RO          121    .ARM.Collect$$libinit$$0000000A  c_w.l(libinit2.o)
    0x000002ba   0x00000000   Code   RO          123    .ARM.Collect$$libinit$$0000000C  c_w.l(libinit2.o)
    0x000002ba   0x00000000   Code   RO          125    .ARM.Collect$$libinit$$0000000E  c_w.l(libinit2.o)
    0x000002ba   0x00000000   Code   RO          128    .ARM.Collect$$libinit$$00000011  c_w.l(libinit2.o)
    0x000002ba   0x00000000   Code   RO          130    .ARM.Collect$$libinit$$00000013  c_w.l(libinit2.o)
    0x000002ba   0x00000000   Code   RO          132    .ARM.Collect$$libinit$$00000015  c_w.l(libinit2.o)
    0x000002ba   0x00000000   Code   RO          134    .ARM.Collect$$libinit$$00000017  c_w.l(libinit2.o)
    0x000002ba   0x00000000   Code   RO          136    .ARM.Collect$$libinit$$00000019  c_w.l(libinit2.o)
    0x000002ba   0x00000000   Code   RO          138    .ARM.Collect$$libinit$$0000001B  c_w.l(libinit2.o)
    0x000002ba   0x00000000   Code   RO          140    .ARM.Collect$$libinit$$0000001D  c_w.l(libinit2.o)
    0x000002ba   0x00000000   Code   RO          142    .ARM.Collect$$libinit$$0000001F  c_w.l(libinit2.o)
    0x000002ba   0x00000000   Code   RO          144    .ARM.Collect$$libinit$$00000021  c_w.l(libinit2.o)
    0x000002ba   0x00000000   Code   RO          146    .ARM.Collect$$libinit$$00000023  c_w.l(libinit2.o)
    0x000002ba   0x00000000   Code   RO          148    .ARM.Collect$$libinit$$00000025  c_w.l(libinit2.o)
    0x000002ba   0x00000008   Code   RO          150    .ARM.Collect$$libinit$$00000027  c_w.l(libinit2.o)
    0x000002c2   0x00000000   Code   RO          154    .ARM.Collect$$libinit$$0000002E  c_w.l(libinit2.o)
    0x000002c2   0x00000000   Code   RO          156    .ARM.Collect$$libinit$$00000030  c_w.l(libinit2.o)
    0x000002c2   0x00000000   Code   RO          158    .ARM.Collect$$libinit$$00000032  c_w.l(libinit2.o)
    0x000002c2   0x00000002   Code   RO          159    .ARM.Collect$$libinit$$00000033  c_w.l(libinit2.o)
    0x000002c4   0x00000002   Code   RO          179    .ARM.Collect$$libshutdown$$00000000  c_w.l(libshutdown.o)
    0x000002c6   0x00000000   Code   RO          192    .ARM.Collect$$libshutdown$$00000002  c_w.l(libshutdown2.o)
    0x000002c6   0x00000000   Code   RO          194    .ARM.Collect$$libshutdown$$00000004  c_w.l(libshutdown2.o)
    0x000002c6   0x00000000   Code   RO          197    .ARM.Collect$$libshutdown$$00000007  c_w.l(libshutdown2.o)
    0x000002c6   0x00000000   Code   RO          200    .ARM.Collect$$libshutdown$$0000000A  c_w.l(libshutdown2.o)
    0x000002c6   0x00000000   Code   RO          202    .ARM.Collect$$libshutdown$$0000000C  c_w.l(libshutdown2.o)
    0x000002c6   0x00000000   Code   RO          205    .ARM.Collect$$libshutdown$$0000000F  c_w.l(libshutdown2.o)
    0x000002c6   0x00000002   Code   RO          206    .ARM.Collect$$libshutdown$$00000010  c_w.l(libshutdown2.o)
    0x000002c8   0x00000000   Code   RO           84    .ARM.Collect$$rtentry$$00000000  c_w.l(__rtentry.o)
    0x000002c8   0x00000000   Code   RO           86    .ARM.Collect$$rtentry$$00000002  c_w.l(__rtentry2.o)
    0x000002c8   0x00000006   Code   RO           98    .ARM.Collect$$rtentry$$00000004  c_w.l(__rtentry4.o)
    0x000002ce   0x00000000   Code   RO           88    .ARM.Collect$$rtentry$$00000009  c_w.l(__rtentry2.o)
    0x000002ce   0x00000004   Code   RO           89    .ARM.Collect$$rtentry$$0000000A  c_w.l(__rtentry2.o)
    0x000002d2   0x00000000   Code   RO           91    .ARM.Collect$$rtentry$$0000000C  c_w.l(__rtentry2.o)
    0x000002d2   0x00000008   Code   RO           92    .ARM.Collect$$rtentry$$0000000D  c_w.l(__rtentry2.o)
    0x000002da   0x00000002   Code   RO          113    .ARM.Collect$$rtexit$$00000000  c_w.l(rtexit.o)
    0x000002dc   0x00000000   Code   RO          161    .ARM.Collect$$rtexit$$00000002  c_w.l(rtexit2.o)
    0x000002dc   0x00000004   Code   RO          162    .ARM.Collect$$rtexit$$00000003  c_w.l(rtexit2.o)
    0x000002e0   0x00000006   Code   RO          163    .ARM.Collect$$rtexit$$00000004  c_w.l(rtexit2.o)
    0x000002e6   0x00000002   PAD
    0x000002e8   0x00000004   Code   RO          167    .emb_text           c_w.l(argv_veneer.o)
    0x000002ec   0x00000008   Code   RO            1    .text               chapter3_asm.o
    0x000002f4   0x0000004c   Code   RO            9  * .text               startup_s6e2cc.o
    0x00000340   0x00000006   Code   RO           80    .text               c_w.l(heapauxi.o)
    0x00000346   0x0000004a   Code   RO          100    .text               c_w.l(sys_stackheap_outer.o)
    0x00000390   0x00000012   Code   RO          102    .text               c_w.l(exit.o)
    0x000003a2   0x00000002   PAD
    0x000003a4   0x00000008   Code   RO          110    .text               c_w.l(libspace.o)
    0x000003ac   0x0000000c   Code   RO          171    .text               c_w.l(sys_exit.o)
    0x000003b8   0x0000012e   Code   RO          175    .text               c_w.l(_get_argv_nomalloc.o)
    0x000004e6   0x00000018   Code   RO          180    .text               c_w.l(sys_command.o)
    0x000004fe   0x00000002   Code   RO          182    .text               c_w.l(use_no_semi.o)
    0x00000500   0x00000000   Code   RO          184    .text               c_w.l(indicate_semi.o)
    0x00000500   0x00000004   Code   RO          185    .text               c_w.l(hrguard.o)
    0x00000504   0x0000000e   Code   RO          187    .text               c_w.l(defsig_rtmem_outer.o)
    0x00000512   0x0000000a   Code   RO          209    .text               c_w.l(defsig_exit.o)
    0x0000051c   0x00000050   Code   RO          211    .text               c_w.l(defsig_rtmem_inner.o)
    0x0000056c   0x00000032   Code   RO          215    .text               c_w.l(defsig_general.o)
    0x0000059e   0x0000000e   Code   RO          217    .text               c_w.l(sys_wrch.o)
    0x000005ac   0x000000e8   Code   RO           17    i.SystemInit        system_s6e2cc.o
    0x00000694   0x0000000a   Code   RO          169    x$fpl$fpinit        fz_wm.l(fpinit.o)
    0x0000069e   0x00000002   PAD
    0x000006a0   0x00000020   Data   RO          237    Region$$Table       anon$$obj.o


    Execution Region ER_RW (Base: 0x1ffd0000, Size: 0x00000008, Max: 0xffffffff, ABSOLUTE)

    Base Addr    Size         Type   Attr      Idx    E Section Name        Object

    0x1ffd0000   0x00000005   Data   RW           18    .data               system_s6e2cc.o


    Execution Region ER_ZI (Base: 0x1ffd0008, Size: 0x00000260, Max: 0xffffffff, ABSOLUTE)

    Base Addr    Size         Type   Attr      Idx    E Section Name        Object

    0x1ffd0008   0x00000060   Zero   RW          111    .bss                c_w.l(libspace.o)
    0x1ffd0068   0x00000000   Zero   RW            7    HEAP                startup_s6e2cc.o
    0x1ffd0068   0x00000200   Zero   RW            6    STACK               startup_s6e2cc.o


==============================================================================

Image component sizes


      Code (inc. data)   RO Data    RW Data    ZI Data      Debug   Object Name

         8          0          0          0          0        252   chapter3_asm.o
        76         26        576          0        512        848   startup_s6e2cc.o
       232         30          0          5          0       5407   system_s6e2cc.o

    ----------------------------------------------------------------------
       316         56        608          8        512       6507   Object Totals
         0          0         32          0          0          0   (incl. Generated)
         0          0          0          3          0          0   (incl. Padding)

    ----------------------------------------------------------------------

      Code (inc. data)   RO Data    RW Data    ZI Data      Debug   Library Member Name

         8          0          0          0          0         68   __main.o
         0          0          0          0          0          0   __rtentry.o
        12          0          0          0          0          0   __rtentry2.o
         6          0          0          0          0          0   __rtentry4.o
        52          8          0          0          0          0   __scatter.o
        26          0          0          0          0          0   __scatter_copy.o
        28          0          0          0          0          0   __scatter_zi.o
       302          0          0          0          0        168   _get_argv_nomalloc.o
         4          0          0          0          0         68   argv_veneer.o
        10          0          0          0          0         68   defsig_exit.o
        50          0          0          0          0         88   defsig_general.o
        80         58          0          0          0         76   defsig_rtmem_inner.o
        14          0          0          0          0         80   defsig_rtmem_outer.o
        18          0          0          0          0         80   exit.o
         6          0          0          0          0        152   heapauxi.o
         4          0          0          0          0        136   hrguard.o
         0          0          0          0          0          0   indicate_semi.o
         2          0          0          0          0          0   libinit.o
        14          0          0          0          0          0   libinit2.o
         2          0          0          0          0          0   libshutdown.o
         2          0          0          0          0          0   libshutdown2.o
         8          4          0          0         96         68   libspace.o
         2          0          0          0          0          0   rtexit.o
        10          0          0          0          0          0   rtexit2.o
        24          0          0          0          0         76   sys_command.o
        12          4          0          0          0         68   sys_exit.o
        74          0          0          0          0         80   sys_stackheap_outer.o
        14          0          0          0          0         76   sys_wrch.o
         2          0          0          0          0         68   use_no_semi.o
        10          0          0          0          0        116   fpinit.o

    ----------------------------------------------------------------------
       804         74          0          0         96       1536   Library Totals
         8          0          0          0          0          0   (incl. Padding)

    ----------------------------------------------------------------------

      Code (inc. data)   RO Data    RW Data    ZI Data      Debug   Library Name

       786         74          0          0         96       1420   c_w.l
        10          0          0          0          0        116   fz_wm.l

    ----------------------------------------------------------------------
       804         74          0          0         96       1536   Library Totals

    ----------------------------------------------------------------------

==============================================================================


      Code (inc. data)   RO Data    RW Data    ZI Data      Debug   

      1120        130        608          8        608       7367   Grand Totals
      1120        130        608          8        608       7367   ELF Image Totals
      1120        130        608          8          0          0   ROM Totals

==============================================================================

    Total RO  Size (Code + RO Data)                 1728 (   1.69kB)
    Total RW  Size (RW Data + ZI Data)               616 (   0.60kB)
    Total ROM Size (Code + RO Data + RW Data)       1736 (   1.70kB)

==============================================================================

